// Jest Snapshot v1, https://goo.gl/fbAQLP

exports[`when working with a NODE_ENV app WHEN building with esbuild can generate a js/index-L2US6VEL.js 1`] = `
"console.log("production");
//# sourceMappingURL=/static/js/index-L2US6VEL.js.map
"
`;
